// Jest Snapshot v1, https://goo.gl/fbAQLP

exports[`SIGN UP TESTS [SNAPSHOT]: SIGN UP TEST 1`] = `
<View
  style={
    Object {
      "alignItems": "stretch",
      "flex": 1,
      "flexDirection": "column",
      "justifyContent": "center",
    }
  }
>
  <Text
    style={
      Object {
        "fontSize": 20,
        "marginBottom": 10,
        "textAlign": "center",
      }
    }
  >
    Créez votre compte
  </Text>
  <View
    style={
      Object {
        "marginTop": 20,
      }
    }
  >
    <RCTScrollView>
      <View>
        <TextInput
          allowFontScaling={true}
          autoCapitalize="none"
          blurOnSubmit={false}
          onChangeText={[Function]}
          onSubmitEditing={[Function]}
          placeholder="Nom"
          rejectResponderTermination={true}
          returnKeyType="next"
          style={
            Object {
              "borderColor": "#ecf0f1",
              "borderRadius": 6,
              "borderWidth": 1,
              "height": 50,
              "marginBottom": 25,
              "marginLeft": 50,
              "marginRight": 50,
              "paddingLeft": 15,
            }
          }
          underlineColorAndroid="transparent"
        />
        <TextInput
          allowFontScaling={true}
          autoCapitalize="none"
          blurOnSubmit={false}
          keyboardType="email-address"
          onChangeText={[Function]}
          onSubmitEditing={[Function]}
          placeholder="E-mail"
          rejectResponderTermination={true}
          returnKeyType="next"
          style={
            Object {
              "borderColor": "#ecf0f1",
              "borderRadius": 6,
              "borderWidth": 1,
              "height": 50,
              "marginBottom": 25,
              "marginLeft": 50,
              "marginRight": 50,
              "paddingLeft": 15,
            }
          }
          textContentType="emailAddress"
          underlineColorAndroid="transparent"
        />
        <TextInput
          allowFontScaling={true}
          onChangeText={[Function]}
          placeholder="Mot de passe"
          rejectResponderTermination={true}
          secureTextEntry={true}
          style={
            Object {
              "borderColor": "#ecf0f1",
              "borderRadius": 6,
              "borderWidth": 1,
              "height": 50,
              "marginBottom": 25,
              "marginLeft": 50,
              "marginRight": 50,
              "paddingLeft": 15,
            }
          }
          textContentType="password"
          underlineColorAndroid="transparent"
        />
      </View>
    </RCTScrollView>
  </View>
  <View
    style={
      Object {
        "backgroundColor": "#6200ee",
        "borderColor": "transparent",
        "borderRadius": 4,
        "borderStyle": "solid",
        "borderWidth": 0,
        "elevation": 2,
        "marginLeft": 50,
        "marginRight": 50,
        "minWidth": 64,
        "padding": 8,
        "paddingLeft": 35,
        "paddingRight": 35,
        "shadowColor": "#000000",
        "shadowOffset": Object {
          "height": 0.75,
          "width": 0,
        },
        "shadowOpacity": 0.24,
        "shadowRadius": 1.5,
      }
    }
  >
    <View
      accessibilityRole="button"
      accessibilityStates={Array []}
      accessible={true}
      focusable={true}
      isTVSelectable={true}
      onClick={[Function]}
      onResponderGrant={[Function]}
      onResponderMove={[Function]}
      onResponderRelease={[Function]}
      onResponderTerminate={[Function]}
      onResponderTerminationRequest={[Function]}
      onStartShouldSetResponder={[Function]}
      style={
        Array [
          Object {
            "overflow": "hidden",
          },
          Object {
            "borderRadius": 4,
          },
        ]
      }
    >
      <View
        style={
          Array [
            Object {
              "alignItems": "center",
              "flexDirection": "row",
              "justifyContent": "center",
            },
            undefined,
          ]
        }
      >
        <Text
          numberOfLines={1}
          style={
            Array [
              Object {
                "color": "#000000",
                "fontFamily": "System",
                "fontWeight": "400",
                "textAlign": "left",
              },
              Array [
                Object {
                  "letterSpacing": 1,
                  "marginHorizontal": 16,
                  "marginVertical": 9,
                  "textAlign": "center",
                },
                undefined,
                Object {
                  "textTransform": "uppercase",
                },
                Object {
                  "color": "#ffffff",
                  "fontFamily": "System",
                  "fontWeight": "500",
                },
                Object {
                  "fontFamily": "System",
                  "fontWeight": "500",
                },
                Object {
                  "color": "#fff",
                },
              ],
            ]
          }
        >
          Valider
        </Text>
      </View>
    </View>
  </View>
</View>
`;

exports[`SIGN UP TESTS Logged test 1`] = `
<View
  style={
    Object {
      "alignItems": "stretch",
      "flex": 1,
      "flexDirection": "column",
      "justifyContent": "center",
    }
  }
>
  <Text
    style={
      Object {
        "fontSize": 20,
        "marginBottom": 10,
        "textAlign": "center",
      }
    }
  >
    Créez votre compte
  </Text>
  <View
    style={
      Object {
        "marginTop": 20,
      }
    }
  >
    <RCTScrollView>
      <View>
        <TextInput
          allowFontScaling={true}
          autoCapitalize="none"
          blurOnSubmit={false}
          onChangeText={[Function]}
          onSubmitEditing={[Function]}
          placeholder="Nom"
          rejectResponderTermination={true}
          returnKeyType="next"
          style={
            Object {
              "borderColor": "#ecf0f1",
              "borderRadius": 6,
              "borderWidth": 1,
              "height": 50,
              "marginBottom": 25,
              "marginLeft": 50,
              "marginRight": 50,
              "paddingLeft": 15,
            }
          }
          underlineColorAndroid="transparent"
        />
        <TextInput
          allowFontScaling={true}
          autoCapitalize="none"
          blurOnSubmit={false}
          keyboardType="email-address"
          onChangeText={[Function]}
          onSubmitEditing={[Function]}
          placeholder="E-mail"
          rejectResponderTermination={true}
          returnKeyType="next"
          style={
            Object {
              "borderColor": "#ecf0f1",
              "borderRadius": 6,
              "borderWidth": 1,
              "height": 50,
              "marginBottom": 25,
              "marginLeft": 50,
              "marginRight": 50,
              "paddingLeft": 15,
            }
          }
          textContentType="emailAddress"
          underlineColorAndroid="transparent"
        />
        <TextInput
          allowFontScaling={true}
          onChangeText={[Function]}
          placeholder="Mot de passe"
          rejectResponderTermination={true}
          secureTextEntry={true}
          style={
            Object {
              "borderColor": "#ecf0f1",
              "borderRadius": 6,
              "borderWidth": 1,
              "height": 50,
              "marginBottom": 25,
              "marginLeft": 50,
              "marginRight": 50,
              "paddingLeft": 15,
            }
          }
          textContentType="password"
          underlineColorAndroid="transparent"
        />
      </View>
    </RCTScrollView>
  </View>
  <View
    style={
      Object {
        "backgroundColor": "#6200ee",
        "borderColor": "transparent",
        "borderRadius": 4,
        "borderStyle": "solid",
        "borderWidth": 0,
        "elevation": 2,
        "marginLeft": 50,
        "marginRight": 50,
        "minWidth": 64,
        "padding": 8,
        "paddingLeft": 35,
        "paddingRight": 35,
        "shadowColor": "#000000",
        "shadowOffset": Object {
          "height": 0.75,
          "width": 0,
        },
        "shadowOpacity": 0.24,
        "shadowRadius": 1.5,
      }
    }
  >
    <View
      accessibilityRole="button"
      accessibilityStates={Array []}
      accessible={true}
      focusable={true}
      isTVSelectable={true}
      onClick={[Function]}
      onResponderGrant={[Function]}
      onResponderMove={[Function]}
      onResponderRelease={[Function]}
      onResponderTerminate={[Function]}
      onResponderTerminationRequest={[Function]}
      onStartShouldSetResponder={[Function]}
      style={
        Array [
          Object {
            "overflow": "hidden",
          },
          Object {
            "borderRadius": 4,
          },
        ]
      }
    >
      <View
        style={
          Array [
            Object {
              "alignItems": "center",
              "flexDirection": "row",
              "justifyContent": "center",
            },
            undefined,
          ]
        }
      >
        <Text
          numberOfLines={1}
          style={
            Array [
              Object {
                "color": "#000000",
                "fontFamily": "System",
                "fontWeight": "400",
                "textAlign": "left",
              },
              Array [
                Object {
                  "letterSpacing": 1,
                  "marginHorizontal": 16,
                  "marginVertical": 9,
                  "textAlign": "center",
                },
                undefined,
                Object {
                  "textTransform": "uppercase",
                },
                Object {
                  "color": "#ffffff",
                  "fontFamily": "System",
                  "fontWeight": "500",
                },
                Object {
                  "fontFamily": "System",
                  "fontWeight": "500",
                },
                Object {
                  "color": "#fff",
                },
              ],
            ]
          }
        >
          Valider
        </Text>
      </View>
    </View>
  </View>
</View>
`;
